win10@DESKTOP-58J13M4 MINGW64 ~
$ pwd
/c/Users/win10

win10@DESKTOP-58J13M4 MINGW64 ~
$ cd ..

win10@DESKTOP-58J13M4 MINGW64 /c/Users
$ ls
'All Users'@      Default.migrated/    Public/
 Default/         desktop.ini         'SQLTELEMETRY$SQLEXPRESS'/
'Default User'@  'MSSQL$SQLEXPRESS'/   win10/

win10@DESKTOP-58J13M4 MINGW64 /c/Users
$ cd win10

win10@DESKTOP-58J13M4 MINGW64 ~
$ pwd
/c/Users/win10

win10@DESKTOP-58J13M4 MINGW64 ~
$ ls
 AppData/
'Application Data'@
 Contacts/
 Cookies@
 Desktop/
 Documents/
 Downloads/
 Favorites/
 Intel/
 IntelGraphicsProfiles/
 Links/
'Local Settings'@
 Music/
'My Documents'@
 NetHood@
 NTUSER.DAT
 ntuser.dat.LOG1
 ntuser.dat.LOG2
 NTUSER.DAT{68867ff6-d799-11e6-a10b-f621a2d82000}.TxR.0.regtrans-ms
 NTUSER.DAT{68867ff6-d799-11e6-a10b-f621a2d82000}.TxR.1.regtrans-ms
 NTUSER.DAT{68867ff6-d799-11e6-a10b-f621a2d82000}.TxR.2.regtrans-ms
 NTUSER.DAT{68867ff6-d799-11e6-a10b-f621a2d82000}.TxR.blf
 NTUSER.DAT{68867ff7-d799-11e6-a10b-f621a2d82000}.TM.blf
 NTUSER.DAT{68867ff7-d799-11e6-a10b-f621a2d82000}.TMContainer0000000000000000000                1.regtrans-ms
 NTUSER.DAT{68867ff7-d799-11e6-a10b-f621a2d82000}.TMContainer0000000000000000000                2.regtrans-ms
 ntuser.ini
 OneDrive/
 Pictures/
 PrintHood@
 Recent@
'Saved Games'/
 Searches/
 SendTo@
 source/
'Start Menu'@
 Templates@
 Videos/
 workspace/

win10@DESKTOP-58J13M4 MINGW64 ~
$ cd Desktop

win10@DESKTOP-58J13M4 MINGW64 ~/Desktop
$ cd SE

win10@DESKTOP-58J13M4 MINGW64 ~/Desktop/SE
$ git init
Initialized empty Git repository in C:/Users/win10/Desktop/SE/.git/

win10@DESKTOP-58J13M4 MINGW64 ~/Desktop/SE (master)
$ git add -A

win10@DESKTOP-58J13M4 MINGW64 ~/Desktop/SE (master)
$ git status
On branch master

No commits yet

Changes to be committed:
  (use "git rm --cached <file>..." to unstage)

        new file:   1.1.txt
        new file:   3.1.txt
        new file:   5.1.txt


win10@DESKTOP-58J13M4 MINGW64 ~/Desktop/SE (master)
$ commit -m "i commited all the files"
bash: commit: command not found

win10@DESKTOP-58J13M4 MINGW64 ~/Desktop/SE (master)
$ git commit -m "folder 3.1 not deleted yet"
[master (root-commit) 0d068d0] folder 3.1 not deleted yet
 3 files changed, 187 insertions(+)
 create mode 100644 1.1.txt
 create mode 100644 3.1.txt
 create mode 100644 5.1.txt

win10@DESKTOP-58J13M4 MINGW64 ~/Desktop/SE (master)
$ git rm 3.1.txt
rm '3.1.txt'

win10@DESKTOP-58J13M4 MINGW64 ~/Desktop/SE (master)
$ git commit -m "folder 3.1 is deleted"
[master 8aebd70] folder 3.1 is deleted
 1 file changed, 100 deletions(-)
 delete mode 100644 3.1.txt

win10@DESKTOP-58J13M4 MINGW64 ~/Desktop/SE (master)
$ git log
commit 8aebd7053943c70c5df6326c650f6f60317356b3 (HEAD -> master)
Author: win10@DESKTOP-58J13M4 <robertemile@ymail.com>
Date:   Mon Feb 12 02:20:58 2018 +0200

    folder 3.1 is deleted

commit 0d068d0f643a0fb343209d8e004a8bb13f218830
Author: win10@DESKTOP-58J13M4 <robertemile@ymail.com>
Date:   Mon Feb 12 02:19:51 2018 +0200

    folder 3.1 not deleted yet

win10@DESKTOP-58J13M4 MINGW64 ~/Desktop/SE (master)
$ git reverted  8aebd7053943c70c5df6326c650f6f60317356b3
git: 'reverted' is not a git command. See 'git --help'.

win10@DESKTOP-58J13M4 MINGW64 ~/Desktop/SE (master)
$ git revert  8aebd7053943c70c5df6326c650f6f60317356b3
[master 331686f] Revert "folder 3.1 is deleted"
 1 file changed, 100 insertions(+)
 create mode 100644 3.1.txt

win10@DESKTOP-58J13M4 MINGW64 ~/Desktop/SE (master)
$ git commit -m "All folders are available and the deleted one is restored"
On branch master
nothing to commit, working tree clean

win10@DESKTOP-58J13M4 MINGW64 ~/Desktop/SE (master)
$ git log
commit 331686f88f24484ee5a3a9f3012981be08aff62c (HEAD -> master)
Author: win10@DESKTOP-58J13M4 <robertemile@ymail.com>
Date:   Mon Feb 12 02:22:16 2018 +0200

    Revert "folder 3.1 is deleted"

    This reverts commit 8aebd7053943c70c5df6326c650f6f60317356b3.

commit 8aebd7053943c70c5df6326c650f6f60317356b3
Author: win10@DESKTOP-58J13M4 <robertemile@ymail.com>
Date:   Mon Feb 12 02:20:58 2018 +0200

    folder 3.1 is deleted

commit 0d068d0f643a0fb343209d8e004a8bb13f218830
Author: win10@DESKTOP-58J13M4 <robertemile@ymail.com>
Date:   Mon Feb 12 02:19:51 2018 +0200

    folder 3.1 not deleted yet

win10@DESKTOP-58J13M4 MINGW64 ~/Desktop/SE (master)
$ git remote githubrepo https://github.com/RobertShenouda/sprint0-1-.git
error: Unknown subcommand: githubrepo
usage: git remote [-v | --verbose]
   or: git remote add [-t <branch>] [-m <master>] [-f] [--tags | --no-tags] [--mirror=<fetch|push>] <name> <url>
   or: git remote rename <old> <new>
   or: git remote remove <name>
   or: git remote set-head <name> (-a | --auto | -d | --delete | <branch>)
   or: git remote [-v | --verbose] show [-n] <name>
   or: git remote prune [-n | --dry-run] <name>
   or: git remote [-v | --verbose] update [-p | --prune] [(<group> | <remote>)...]
   or: git remote set-branches [--add] <name> <branch>...
   or: git remote get-url [--push] [--all] <name>
   or: git remote set-url [--push] <name> <newurl> [<oldurl>]
   or: git remote set-url --add <name> <newurl>
   or: git remote set-url --delete <name> <url>

    -v, --verbose         be verbose; must be placed before a subcommand


win10@DESKTOP-58J13M4 MINGW64 ~/Desktop/SE (master)
$ git remote add https://github.com/RobertShenouda/sprint0-1-.git
usage: git remote add [<options>] <name> <url>

    -f, --fetch           fetch the remote branches
    --tags                import all tags and associated objects when fetching
                          or do not fetch any tag at all (--no-tags)
    -t, --track <branch>  branch(es) to track
    -m, --master <branch>
                          master branch
    --mirror[=<push|fetch>]
                          set up remote as a mirror to push to or fetch from


win10@DESKTOP-58J13M4 MINGW64 ~/Desktop/SE (master)
$ git remote add githubrepo https://github.com/RobertShenouda/sprint0-1-.git

win10@DESKTOP-58J13M4 MINGW64 ~/Desktop/SE (master)
$ git remote
githubrepo

win10@DESKTOP-58J13M4 MINGW64 ~/Desktop/SE (master)
$ git push -u githubrepo master
Counting objects: 8, done.
Delta compression using up to 4 threads.
Compressing objects: 100% (8/8), done.
Writing objects: 100% (8/8), 8.31 KiB | 243.00 KiB/s, done.
Total 8 (delta 1), reused 0 (delta 0)
remote: Resolving deltas: 100% (1/1), done.
To https://github.com/RobertShenouda/sprint0-1-.git
 * [new branch]      master -> master
Branch 'master' set up to track remote branch 'master' from 'githubrepo'.

win10@DESKTOP-58J13M4 MINGW64 ~/Desktop/SE (master)
$ git push -u githubrepo master
Everything up-to-date
Branch 'master' set up to track remote branch 'master' from 'githubrepo'.

win10@DESKTOP-58J13M4 MINGW64 ~/Desktop/SE (master)
$ git checkout -b ReadMe
Switched to a new branch 'ReadMe'

win10@DESKTOP-58J13M4 MINGW64 ~/Desktop/SE (ReadMe)
$ git add README.md

win10@DESKTOP-58J13M4 MINGW64 ~/Desktop/SE (ReadMe)
$ git commit -m "A new branch is made"
[ReadMe 7893168] A new branch is made
 1 file changed, 9 insertions(+)
 create mode 100644 README.md

win10@DESKTOP-58J13M4 MINGW64 ~/Desktop/SE (ReadMe)
$ checkout -b master
bash: checkout: command not found

win10@DESKTOP-58J13M4 MINGW64 ~/Desktop/SE (ReadMe)
$ git checkout master
Switched to branch 'master'
Your branch is up to date with 'githubrepo/master'.

win10@DESKTOP-58J13M4 MINGW64 ~/Desktop/SE (master)
$ git add git checkout ReadMe
fatal: pathspec 'git' did not match any files

win10@DESKTOP-58J13M4 MINGW64 ~/Desktop/SE (master)
$ git checkout ReadMe
Switched to branch 'ReadMe'

win10@DESKTOP-58J13M4 MINGW64 ~/Desktop/SE (ReadMe)
$ git checkout master
Switched to branch 'master'
Your branch is up to date with 'githubrepo/master'.

win10@DESKTOP-58J13M4 MINGW64 ~/Desktop/SE (master)
$ git merge ReadMe
Updating 331686f..7893168
Fast-forward
 README.md | 9 +++++++++
 1 file changed, 9 insertions(+)
 create mode 100644 README.md

win10@DESKTOP-58J13M4 MINGW64 ~/Desktop/SE (master)
$ git add AllMyCommands.txt
fatal: pathspec 'AllMyCommands.txt' did not match any files

win10@DESKTOP-58J13M4 MINGW64 ~/Desktop/SE (master)
$ git add AllMyCommands.txt.txt

win10@DESKTOP-58J13M4 MINGW64 ~/Desktop/SE (master)
$ git push githubrepo master
Counting objects: 3, done.
Delta compression using up to 4 threads.
Compressing objects: 100% (3/3), done.
Writing objects: 100% (3/3), 543 bytes | 543.00 KiB/s, done.
Total 3 (delta 1), reused 0 (delta 0)
remote: Resolving deltas: 100% (1/1), completed with 1 local object.
To https://github.com/RobertShenouda/sprint0-1-.git
   331686f..7893168  master -> master

win10@DESKTOP-58J13M4 MINGW64 ~/Desktop/SE (master)
$ git add AllMyCommands.txt.txt

win10@DESKTOP-58J13M4 MINGW64 ~/Desktop/SE (master)
$ git commit -m "All my commands folder is added"
[master 1c4b472] All my commands folder is added
 1 file changed, 0 insertions(+), 0 deletions(-)
 create mode 100644 AllMyCommands.txt.txt

win10@DESKTOP-58J13M4 MINGW64 ~/Desktop/SE (master)
$ git push githubrepo master
Counting objects: 3, done.
Delta compression using up to 4 threads.
Compressing objects: 100% (2/2), done.
Writing objects: 100% (3/3), 307 bytes | 307.00 KiB/s, done.
Total 3 (delta 1), reused 0 (delta 0)
remote: Resolving deltas: 100% (1/1), completed with 1 local object.
To https://github.com/RobertShenouda/sprint0-1-.git
   7893168..1c4b472  master -> master

win10@DESKTOP-58J13M4 MINGW64 ~/Desktop/SE (master)
$ git add .

win10@DESKTOP-58J13M4 MINGW64 ~/Desktop/SE (master)
$ git status
On branch master
Your branch is up to date with 'githubrepo/master'.

Changes to be committed:
  (use "git reset HEAD <file>..." to unstage)

        modified:   AllMyCommands.txt.txt


win10@DESKTOP-58J13M4 MINGW64 ~/Desktop/SE (master)
$ git commit -m "All my commands file is created"
[master c3eee17] All my commands file is created
 1 file changed, 306 insertions(+)
